Thu Oct 30 05:39:13 CST 2025
